  vm minicon-lnx-x86_64 starting
  vm minicon-lnx-x86_64 up
  vm default already running
  vm minicon-win-arm-64 starting
  vm minicon-win-arm-64 up
vms up rc=0
  lnx/x86_64   ok 8   mismatch 0
  lnx/arm64    ok 8   mismatch 0
  osx/x86_64   ok 8   mismatch 0
  win/arm64    ok 8   mismatch 0
  win/x86_64   ok 8   mismatch 0

crossnative failing targets 0   (no target skipped)
crossnative rc=0
  ok on Windows: win/arm64 rebuilt itself byte for byte
nativeboot win/arm64 rc=0
  ok on Windows: win/x86_64 rebuilt itself byte for byte
nativeboot win/x86_64 rc=0
  vm minicon-lnx-x86_64 stopped (Stopped)
  vm minicon-win-arm-64 stopped (stopped)
vms down rc=0
