local candidate: /tmp/cc39-b5b/cand/unisacc-next.com sha256 2b20f4b2fd9a496d2e36d47577741420f9e4aba47be0d377e3866f5f91aa5ed9
release: OBSERVATION ONLY (attemptchain exittable gqalive k2b stagelog tools-1 tools-2 tools-3); warm-ups skipped (contract-layer suites build no cache); not acceptance
product freshness: verified 2b20f4b2fd9a496d2e36d47577741420f9e4aba47be0d377e3866f5f91aa5ed9
START attemptchain limit=47 kind=full left=48.3
START exittable limit=47 kind=full left=48.3
START gqalive limit=47 kind=full left=48.3
START k2b limit=47 kind=full left=48.3
DONE attemptchain rc=0 0.11s attemptchain  deferral cost kept after success, pending/unknown/blocked/unstarted separated, old START without kind, history gaps kept, near-limit by kind/limit, results reconciled both ways, strict, WF5 rc-class conservation vs exittable, per-window join with stagelog (UNKNOWN wall never inferred), layer/family job-seconds with rework, WF2 tail-risk hints (hindsight and admission-time) (siblings not a lower bound, no evidence UNKNOWN)
START stagelog limit=47 kind=full left=48.1
DONE exittable rc=0 0.20s exittable: UNVERIFIED/INTERRUPTED/tool/H1 timeout/unlisted/wrong-output/pending classes and PASS separation pass; missing H1 table (and the pre-archive default) rc 2, archived table accepted
START tools-1 limit=47 kind=full left=48.0
DONE stagelog rc=0 0.41s stagelog: union of overlaps, waits, null for unmeasured, rc0 != PASS, INCOMPLETE for missing end/cross-boot, per-run/boot clock lines, wait order/run/phase, shared/unknown ids, missing/unknown fields, NaN, orphan/duplicate/order/whitelist/path/credential rejections and writer refusals (NaN, symlink, in-repo) pass
START tools-2 limit=46 kind=full left=47.6
DONE gqalive rc=0 0.75s gqalive  python3 -u and -B -X dev gatequeue.py found (proc and ps tables); Python.app/.../Python argv0 (macOS) matches case-insensitively; notgatequeue.py and a live shell whose text mentions gatequeue.py not counted; a failing ps is exit 2; a trailing -X/-W never crashes the classifier; queue.sh refuses the window on helper exit 2/127/137
START tools-3 limit=46 kind=full left=47.5
DONE k2b rc=0 7.38s k2b  only the named whitelist narrows (audited non-whitelisted = whole tree); unreviewed cold route (UA unset) whole tree; unrelated change reused, double stamp moves; content/mode/delete/new member/UA invalidate; declaration/guard/host/untracked/dynamic/review change -> whole tree; missed run RED, revoked in run state, result and gateorder dependents voided and kept per attempt, timing/limit/kind-only difference ok, lossless output digest (non-UTF-8 bytes, newline forms), missing toolchain member and unknown condition forms refuse narrowing, same-rc different-output RED, no-digest not ok, real fresh gatequeue narrow+whole-tree runs (DONE lines) compare ok on the same inputs; CLI compare locks both states, needs commands, a named whole-tree side, both stamps, complete state stamp maps equal to each result stamp, same inputs, output digests; a deleted result is MISSING, revoked and voided and revokes on mismatch, whitelist file untouched
DONE tools-3 rc=0 7.38s tools SHARD=3/3 3   pass 3   wrong 0   unsupported 0   skip 0
DONE tools-1 rc=0 11.20s tools SHARD=1/3 4   pass 4   wrong 0   unsupported 0   skip 0
DONE tools-2 rc=0 45.14s tools SHARD=2/3 4   pass 4   wrong 0   unsupported 0   skip 0
product freshness: verified 2b20f4b2fd9a496d2e36d47577741420f9e4aba47be0d377e3866f5f91aa5ed9
queue: 8/8 completed, 0 failed, 0 unverified, 0 pending, window 46.09s; logs /tmp/cc40-prep/wf2/a2/state
OBSERVATION ONLY: named suites (attemptchain exittable gqalive k2b stagelog tools-1 tools-2 tools-3) completed; not acceptance; release NOT ready (rc 65)
window 1 rc=65 22:06:16
final rc=65
