threshold network: 1826 banks, 3392 hidden units, 166770 bytes
network = table: 470852 observations, 1826 states; actions/strings identical
threshold network: 336 banks, 3161 hidden units, 42830 bytes
network = table: 86625 observations, 336 states; actions/strings identical
threshold network: 8469 banks, 9965 hidden units, 846346 bytes
network = table: 2184746 observations, 8469 states; actions/strings identical
  not-covered examples/switch.c  at e3: not covered: width
  not-covered tests/c/a_cont.c  at e3: not covered: width
  not-covered tests/c/a_for.c  at e3: not covered: width
  not-covered tests/c/a_global.c  at e3: not covered: width
  not-covered tests/c/a_nested.c  at e3: not covered: width
  not-covered tests/c/a_switch2.c  at e3: not covered: expression
  not-covered tests/c/a_while.c  at e3: not covered: width
  not-covered tests/c/b_dowhile2.c  at e3: not covered: width
  not-covered tests/c/b_frame.c  at e3: not covered: width
  not-covered tests/c/b_ops2.c  at e3: not covered: width
  BAD tests/c/b_ptrarith.c  tape differs (reference rc=0)
  not-covered tests/c/b_fortype.c  at e3: not covered: width
  not-covered tests/c/b_forscope.c  at e3: not covered: width
  not-covered exec/c/run.c  at e3: not covered: width
  not-covered examples/apps/queens.c  at e3: not covered: width
  not-covered tests/c/b_fnptr_table8.c  at e3: not covered: width
  not-covered tests/c99/43_va_copy.c  at e3: not covered: width
  not-covered tests/c/b_lvalue.c  at e3: not covered: width
  not-covered exec/parse2/probes/s57_parent_lvalue.c  at e3: not covered: width
  not-covered tests/c/b_boolconv.c  at e3: not covered: width
  not-covered exec/parse2/probes/s59_bool_edges.c  at e3: not covered: width
  not-covered tests/c99/1a_vla_param.c  at e3: not covered: width
  not-covered exec/parse2/probes/s60_array_params.c  at e3: not covered: width
  not-covered tests/c/b_vla.c  at e3: not covered: width
  not-covered exec/parse2/probes/s65_vla_scope.c  at e3: not covered: width
  not-covered exec/parse2/probes/s71_compound_float.c  at e3: not covered: width
  not-covered tests/c/b_float.c  at e3: not covered: width
  not-covered examples/apps/wordfreq.c  at e3: not covered: width
  not-covered examples/apps/exeinfo.c  at e3: not covered: expression
  not-covered tests/c/b_uzext.c  at e3: not covered: width
  not-covered exec/parse2/probes/s77_fpvar.c  at e3: not covered: width
  not-covered exec/parse2/probes/s78_typedef_scope.c  at e3: not covered: width
  LOST examples/switch.c
  LOST tests/c/a_cont.c
  LOST tests/c/a_for.c
  LOST tests/c/a_global.c
  LOST tests/c/a_nested.c
  LOST tests/c/a_switch2.c
  LOST tests/c/a_while.c
  LOST tests/c/b_dowhile2.c
  LOST tests/c/b_frame.c
  LOST tests/c/b_ops2.c
  LOST tests/c/b_ptrarith.c
  LOST tests/c/b_fortype.c
  LOST tests/c/b_forscope.c
  LOST exec/c/run.c
  LOST examples/apps/queens.c
  LOST tests/c/b_fnptr_table8.c
  LOST tests/c99/43_va_copy.c
  LOST tests/c/b_lvalue.c
  LOST exec/parse2/probes/s57_parent_lvalue.c
  LOST tests/c/b_boolconv.c
  LOST exec/parse2/probes/s59_bool_edges.c
  LOST tests/c99/1a_vla_param.c
  LOST exec/parse2/probes/s60_array_params.c
  LOST tests/c/b_vla.c
  LOST exec/parse2/probes/s65_vla_scope.c
  LOST exec/parse2/probes/s71_compound_float.c
  LOST tests/c/b_float.c
  LOST examples/apps/wordfreq.c
  LOST examples/apps/exeinfo.c
  LOST tests/c/b_uzext.c
  LOST exec/parse2/probes/s77_fpvar.c
  LOST exec/parse2/probes/s78_typedef_scope.c
chain net  files 167   equal 135   not-covered 31   rejected 0   bad 1   lost 32
