threshold network: 1826 banks, 3392 hidden units, 166770 bytes
network = table: 470852 observations, 1826 states; actions/strings identical
threshold network: 336 banks, 3161 hidden units, 42830 bytes
network = table: 86625 observations, 336 states; actions/strings identical
threshold network: 8425 banks, 9949 hidden units, 788442 bytes
network = table: 2173394 observations, 8425 states; actions/strings identical
  not-covered tests/c/b_ctype.c  at e3: not covered: incompatible semantic declaration type
  not-covered tests/c/b_malloc.c  at e3: not covered: incompatible semantic declaration type
  not-covered exec/c/run.c  at e3: not covered: incompatible semantic declaration type
  not-covered tests/c99/5e_signal_raise.c  at e3: not covered: incompatible semantic declaration type
  not-covered exec/parse2/probes/s58_return_fnptr.c  at e3: not covered: incompatible semantic declaration type
  not-covered tests/c99/1b_flexible_array.c  at e3: not covered: incompatible semantic declaration type
  not-covered exec/parse2/probes/s61_flexible_members.c  at e3: not covered: incompatible semantic declaration type
  not-covered tests/c/b_memberptrarray.c  at e3: not covered: incompatible semantic declaration type
  not-covered tests/c99/5d_atexit_div_labs.c  at e3: not covered: incompatible semantic declaration type
  not-covered examples/apps/wordfreq.c  at e3: not covered: incompatible semantic declaration type
  not-covered examples/apps/exeinfo.c  at e3: not covered: incompatible semantic declaration type
  LOST tests/c/b_ctype.c
  LOST tests/c/b_malloc.c
  LOST exec/c/run.c
  LOST tests/c99/5e_signal_raise.c
  LOST exec/parse2/probes/s58_return_fnptr.c
  LOST tests/c99/1b_flexible_array.c
  LOST exec/parse2/probes/s61_flexible_members.c
  LOST tests/c/b_memberptrarray.c
  LOST tests/c99/5d_atexit_div_labs.c
  LOST examples/apps/wordfreq.c
  LOST examples/apps/exeinfo.c
chain net  files 167   equal 156   not-covered 11   rejected 0   bad 0   lost 11
